../Drivers/ST7789/LCD/lcd.c:93:13:setSPI_Size	24	static
../Drivers/ST7789/LCD/lcd.c:136:13:setDMAMemMode	16	static
../Drivers/ST7789/LCD/lcd.c:195:13:LCD_WriteCommand	16	static
../Drivers/ST7789/LCD/lcd.c:218:13:LCD_WriteData	24	static
../Drivers/ST7789/LCD/lcd.c:264:13:LCD_ReadCmd	16	static
../Drivers/ST7789/LCD/lcd.c:280:6:LCD_SetRotation	24	static
../Drivers/ST7789/LCD/lcd.c:326:13:LCD_SetAddressWindow	56	static
../Drivers/ST7789/LCD/lcd.c:355:6:LCD_DrawPixel	24	static
../Drivers/ST7789/LCD/lcd.c:385:6:LCD_FillPixels	88	static
../Drivers/ST7789/LCD/lcd.c:410:7:LCD_FillArea	24	static
../Drivers/ST7789/LCD/lcd.c:437:8:LCD_Fill	32	static
../Drivers/ST7789/LCD/lcd.c:463:6:LCD_DrawImage	32	static
../Drivers/ST7789/LCD/lcd.c:497:8:LCD_DrawLine	40	static
../Drivers/ST7789/LCD/lcd.c:512:6:LCD_PutChar	40	static
../Drivers/ST7789/LCD/lcd.c:517:6:LCD_PutStr	24	static
../Drivers/ST7789/LCD/lcd.c:528:6:LCD_InvertColors	24	static
../Drivers/ST7789/LCD/lcd.c:539:6:LCD_TearEffect	24	static
../Drivers/ST7789/LCD/lcd.c:545:6:LCD_setPower	24	static
../Drivers/ST7789/LCD/lcd.c:551:13:LCD_Update	8	static
../Drivers/ST7789/LCD/lcd.c:575:6:LCD_init	16	static
../Drivers/ST7789/LCD/lcd.c:609:13:clearTime	8	static
../Drivers/ST7789/LCD/lcd.c:612:13:printTime	24	static
../Drivers/ST7789/LCD/lcd.c:639:6:LCD_Test	80	static
../Drivers/ST7789/LCD/lcd.c:921:13:window_1_callback	16	static
