../Drivers/CMSIS/Include/core_cm4.h:1657:22:__NVIC_SetPriorityGrouping	24	static
../Drivers/CMSIS/Include/core_cm4.h:1676:26:__NVIC_GetPriorityGrouping	4	static
../Drivers/CMSIS/Include/core_cm4.h:1688:22:__NVIC_EnableIRQ	16	static
../Drivers/CMSIS/Include/core_cm4.h:1724:22:__NVIC_DisableIRQ	16	static,ignoring_inline_asm
../Drivers/CMSIS/Include/core_cm4.h:1743:26:__NVIC_GetPendingIRQ	16	static
../Drivers/CMSIS/Include/core_cm4.h:1762:22:__NVIC_SetPendingIRQ	16	static
../Drivers/CMSIS/Include/core_cm4.h:1777:22:__NVIC_ClearPendingIRQ	16	static
../Drivers/CMSIS/Include/core_cm4.h:1794:26:__NVIC_GetActive	16	static
../Drivers/CMSIS/Include/core_cm4.h:1816:22:__NVIC_SetPriority	16	static
../Drivers/CMSIS/Include/core_cm4.h:1838:26:__NVIC_GetPriority	16	static
../Drivers/CMSIS/Include/core_cm4.h:1863:26:NVIC_EncodePriority	40	static
../Drivers/CMSIS/Include/core_cm4.h:1890:22:NVIC_DecodePriority	40	static
../Drivers/CMSIS/Include/core_cm4.h:1939:34:__NVIC_SystemReset	4	static,ignoring_inline_asm
../Drivers/CMSIS/Include/core_cm4.h:2022:26:SysTick_Config	16	static
../Drivers/STM32F3xx_HAL_Driver/Src/stm32f3xx_hal_cortex.c:168:6:HAL_NVIC_SetPriorityGrouping	16	static
../Drivers/STM32F3xx_HAL_Driver/Src/stm32f3xx_hal_cortex.c:190:6:HAL_NVIC_SetPriority	32	static
../Drivers/STM32F3xx_HAL_Driver/Src/stm32f3xx_hal_cortex.c:212:6:HAL_NVIC_EnableIRQ	16	static
../Drivers/STM32F3xx_HAL_Driver/Src/stm32f3xx_hal_cortex.c:228:6:HAL_NVIC_DisableIRQ	16	static
../Drivers/STM32F3xx_HAL_Driver/Src/stm32f3xx_hal_cortex.c:241:6:HAL_NVIC_SystemReset	8	static
../Drivers/STM32F3xx_HAL_Driver/Src/stm32f3xx_hal_cortex.c:254:10:HAL_SYSTICK_Config	16	static
../Drivers/STM32F3xx_HAL_Driver/Src/stm32f3xx_hal_cortex.c:284:6:HAL_MPU_Disable	4	static
../Drivers/STM32F3xx_HAL_Driver/Src/stm32f3xx_hal_cortex.c:304:6:HAL_MPU_Enable	16	static
../Drivers/STM32F3xx_HAL_Driver/Src/stm32f3xx_hal_cortex.c:317:6:HAL_MPU_EnableRegion	16	static
../Drivers/STM32F3xx_HAL_Driver/Src/stm32f3xx_hal_cortex.c:333:6:HAL_MPU_DisableRegion	16	static
../Drivers/STM32F3xx_HAL_Driver/Src/stm32f3xx_hal_cortex.c:351:6:HAL_MPU_ConfigRegion	16	static
../Drivers/STM32F3xx_HAL_Driver/Src/stm32f3xx_hal_cortex.c:389:10:HAL_NVIC_GetPriorityGrouping	8	static
../Drivers/STM32F3xx_HAL_Driver/Src/stm32f3xx_hal_cortex.c:416:6:HAL_NVIC_GetPriority	24	static
../Drivers/STM32F3xx_HAL_Driver/Src/stm32f3xx_hal_cortex.c:431:6:HAL_NVIC_SetPendingIRQ	16	static
../Drivers/STM32F3xx_HAL_Driver/Src/stm32f3xx_hal_cortex.c:446:10:HAL_NVIC_GetPendingIRQ	16	static
../Drivers/STM32F3xx_HAL_Driver/Src/stm32f3xx_hal_cortex.c:459:6:HAL_NVIC_ClearPendingIRQ	16	static
../Drivers/STM32F3xx_HAL_Driver/Src/stm32f3xx_hal_cortex.c:473:10:HAL_NVIC_GetActive	16	static
../Drivers/STM32F3xx_HAL_Driver/Src/stm32f3xx_hal_cortex.c:487:6:HAL_SYSTICK_CLKSourceConfig	16	static
../Drivers/STM32F3xx_HAL_Driver/Src/stm32f3xx_hal_cortex.c:505:6:HAL_SYSTICK_IRQHandler	8	static
../Drivers/STM32F3xx_HAL_Driver/Src/stm32f3xx_hal_cortex.c:514:13:HAL_SYSTICK_Callback	4	static
